../Drivers/CMSIS/Include/core_cm4.h:2064:26:ITM_SendChar	16	static,ignoring_inline_asm
../Core/Src/main.c:119:5:main	16	static
../Core/Src/main.c:178:6:SystemClock_Config	88	static
../Core/Src/main.c:226:13:MX_TIM2_Init	64	static
../Core/Src/main.c:285:13:MX_TIM3_Init	32	static
../Core/Src/main.c:330:13:MX_TIM4_Init	32	static
../Core/Src/main.c:375:13:MX_TIM5_Init	32	static
../Core/Src/main.c:420:13:MX_USART2_UART_Init	8	static
../Core/Src/main.c:453:13:MX_GPIO_Init	48	static
../Core/Src/main.c:489:13:owc_transmit	16	static
../Core/Src/main.c:502:13:enqueue_signal	24	static
../Core/Src/main.c:511:13:process_signals	16	static
../Core/Src/main.c:539:6:reset_rx_state	8	static
../Core/Src/main.c:552:6:HAL_GPIO_EXTI_Callback	24	static
../Core/Src/main.c:584:6:HAL_TIM_PeriodElapsedCallback	16	static
../Core/Src/main.c:650:5:_write	32	static
../Core/Src/main.c:669:6:Error_Handler	4	static,ignoring_inline_asm
