../Drivers/CMSIS/Include/core_cm4.h:2064:26:ITM_SendChar	16	static,ignoring_inline_asm
../Core/Src/main.c:122:5:main	16	static
../Core/Src/main.c:179:6:SystemClock_Config	88	static
../Core/Src/main.c:227:13:MX_TIM2_Init	64	static
../Core/Src/main.c:286:13:MX_TIM3_Init	32	static
../Core/Src/main.c:331:13:MX_TIM4_Init	32	static
../Core/Src/main.c:376:13:MX_TIM5_Init	32	static
../Core/Src/main.c:421:13:MX_USART2_UART_Init	8	static
../Core/Src/main.c:454:13:MX_GPIO_Init	48	static
../Core/Src/main.c:490:13:owc_transmit	16	static
../Core/Src/main.c:503:13:enqueue_signal	24	static
../Core/Src/main.c:512:13:process_signals	16	static
../Core/Src/main.c:540:6:reset_rx_state	8	static
../Core/Src/main.c:553:6:HAL_GPIO_EXTI_Callback	24	static
../Core/Src/main.c:586:6:HAL_TIM_PeriodElapsedCallback	16	static
../Core/Src/main.c:652:5:_write	32	static
../Core/Src/main.c:671:6:Error_Handler	4	static,ignoring_inline_asm
